airport AAB
airport AAA
airport AAD
airport AAC
AAA Portalegre Portugal 1
AAB Freixo de Espada a Cinta Portugal 3
AAC Potsdam Alemanha 3
AAD Ayamonte Espanha 2
